<html>
<body>
<pre>
<h1>µVision Build Log</h1>
<h2>Project:</h2>
G:\VSY\jurcimat\uloha1\Klopný obvod\f303rc_asm_simple_example.uvproj
Project File Date:  09/26/2019

<h2>Output:</h2>
Rebuild target 'f303rc'
assembling startup_stm32f30x.s...
assembling led_example.s...
assembling stm32f303xe.s...
linking...
.\f303rc_asm_simple_example.sct(8): warning: L6314W: No section matches pattern *(InRoot$$Sections).
Program Size: Code=180 RO-data=392 RW-data=0 ZI-data=1024  
Finished: 0 information, 1 warning and 0 error messages.
FromELF: creating hex file...
".\f303rc_asm_simple_example.axf" - 0 Error(s), 1 Warning(s).
Load "G:\\VSY\\jurcimat\\uloha1\\Klopný obvod\\f303rc_asm_simple_example.axf" 
Erase Done.
Programming Done.
Verify OK.
</pre>
</body>
</html>
